
Allocating common symbols
Common symbol       size              file

pGpio               0x4               main.o

Memory Configuration

Name             Origin             Length             Attributes
FLASH            0x0000000008000000 0x0000000000080000 xr
SRAM             0x0000000020000000 0x0000000000018000 xrw
*default*        0x0000000000000000 0xffffffffffffffff

Linker script and memory map

LOAD main.o
LOAD stm32_startup.o

.text           0x0000000008000000      0x1b4
 *(.isr_vector)
 .isr_vector    0x0000000008000000       0x3c stm32_startup.o
                0x0000000008000000                vectors
 *(.text)
 .text          0x000000000800003c       0xec main.o
                0x000000000800003c                gpio_init
                0x00000000080000c4                delay
                0x00000000080000ec                main
 .text          0x0000000008000128       0x8c stm32_startup.o
                0x0000000008000128                SVCall_Handler
                0x0000000008000128                Systick_Handler
                0x0000000008000128                HardFault_Handler
                0x0000000008000128                PendSV_Handler
                0x0000000008000128                NMI_Handler
                0x0000000008000128                UsageFault_Handler
                0x0000000008000128                Default_Handler
                0x0000000008000128                MemManage_Handler
                0x0000000008000128                BusFault_Handler
                0x0000000008000128                DebugMonitor_Handler
                0x000000000800012e                Reset_Handler
 *(.rodata)
                0x00000000080001b4                . = ALIGN (0x4)
                0x00000000080001b4                _etext = .

.glue_7         0x00000000080001b4        0x0
 .glue_7        0x00000000080001b4        0x0 linker stubs

.glue_7t        0x00000000080001b4        0x0
 .glue_7t       0x00000000080001b4        0x0 linker stubs

.vfp11_veneer   0x00000000080001b4        0x0
 .vfp11_veneer  0x00000000080001b4        0x0 linker stubs

.v4_bx          0x00000000080001b4        0x0
 .v4_bx         0x00000000080001b4        0x0 linker stubs

.iplt           0x00000000080001b4        0x0
 .iplt          0x00000000080001b4        0x0 main.o

.rel.dyn        0x00000000080001b4        0x0
 .rel.iplt      0x00000000080001b4        0x0 main.o

.data           0x0000000020000000        0x0 load address 0x00000000080001b4
                0x0000000020000000                _sdata = .
 *(.data)
 .data          0x0000000020000000        0x0 main.o
 .data          0x0000000020000000        0x0 stm32_startup.o
                0x0000000020000000                . = ALIGN (0x4)
                0x0000000020000000                _edata = .

.igot.plt       0x0000000020000000        0x0 load address 0x00000000080001b4
 .igot.plt      0x0000000020000000        0x0 main.o

.bss            0x0000000020000000        0x4 load address 0x00000000080001b4
                0x0000000020000000                _sbss = .
 *(.bss)
 .bss           0x0000000020000000        0x0 main.o
 .bss           0x0000000020000000        0x0 stm32_startup.o
 *(COMMON)
 COMMON         0x0000000020000000        0x4 main.o
                0x0000000020000000                pGpio
                0x0000000020000004                . = ALIGN (0x4)
                0x0000000020000004                _ebss = .
OUTPUT(main.elf elf32-littlearm)
LOAD linker stubs

.comment        0x0000000000000000       0x59
 .comment       0x0000000000000000       0x59 main.o
                                         0x5a (size before relaxing)
 .comment       0x0000000000000059       0x5a stm32_startup.o

.ARM.attributes
                0x0000000000000000       0x2e
 .ARM.attributes
                0x0000000000000000       0x2e main.o
 .ARM.attributes
                0x000000000000002e       0x2e stm32_startup.o
